

================================================================
== Vivado HLS Report for 'KeyExpansion'
================================================================
* Date:           Fri Apr  6 16:31:26 2018

* Version:        2017.2 (Build 1909853 on Thu Jun 15 18:55:24 MDT 2017)
* Project:        deutero
* Solution:       solution1
* Product family: zynquplus
* Target device:  xczu7eg-ffvf1517-1lv-i


================================================================
== Performance Estimates
================================================================
+ Timing (ns): 
    * Summary: 
    +--------+-------+----------+------------+
    |  Clock | Target| Estimated| Uncertainty|
    +--------+-------+----------+------------+
    |ap_clk  |  10.00|      2.70|        1.25|
    +--------+-------+----------+------------+

+ Latency (clock cycles): 
    * Summary: 
    +-----+-----+-----+-----+---------+
    |  Latency  |  Interval | Pipeline|
    | min | max | min | max |   Type  |
    +-----+-----+-----+-----+---------+
    |  534|  534|  534|  534|   none  |
    +-----+-----+-----+-----+---------+

    + Detail: 
        * Instance: 
        N/A

        * Loop: 
        +-------------+-----+-----+----------+-----------+-----------+------+----------+
        |             |  Latency  | Iteration|  Initiation Interval  | Trip |          |
        |  Loop Name  | min | max |  Latency |  achieved |   target  | Count| Pipelined|
        +-------------+-----+-----+----------+-----------+-----------+------+----------+
        |- Loop 1     |   12|   12|         3|          -|          -|     4|    no    |
        |- Loop 2     |  520|  520|        13|          -|          -|    40|    no    |
        | + Loop 2.1  |    8|    8|         2|          -|          -|     4|    no    |
        +-------------+-----+-----+----------+-----------+-----------+------+----------+



================================================================
== Utilization Estimates
================================================================
* Summary: 
+-----------------+---------+-------+--------+--------+-----+
|       Name      | BRAM_18K| DSP48E|   FF   |   LUT  | URAM|
+-----------------+---------+-------+--------+--------+-----+
|DSP              |        -|      -|       -|       -|    -|
|Expression       |        -|      -|     196|     281|    -|
|FIFO             |        -|      -|       -|       -|    -|
|Instance         |        -|      -|       -|       -|    -|
|Memory           |        3|      -|       0|       0|    -|
|Multiplexer      |        -|      -|       -|     273|    -|
|Register         |        -|      -|     187|       -|    -|
+-----------------+---------+-------+--------+--------+-----+
|Total            |        3|      0|     383|     554|    0|
+-----------------+---------+-------+--------+--------+-----+
|Available        |      624|   1728|  460800|  230400|   96|
+-----------------+---------+-------+--------+--------+-----+
|Utilization (%)  |    ~0   |      0|   ~0   |   ~0   |    0|
+-----------------+---------+-------+--------+--------+-----+

+ Detail: 
    * Instance: 
    N/A

    * DSP48: 
    N/A

    * Memory: 
    +--------+-------------------+---------+---+----+------+-----+------+-------------+
    | Memory |       Module      | BRAM_18K| FF| LUT| Words| Bits| Banks| W*Bits*Banks|
    +--------+-------------------+---------+---+----+------+-----+------+-------------+
    |Rcon_U  |KeyExpansion_Rcon  |        1|  0|   0|   255|    8|     1|         2040|
    |sbox_U  |KeyExpansion_sbox  |        2|  0|   0|   256|    8|     1|         2048|
    +--------+-------------------+---------+---+----+------+-----+------+-------------+
    |Total   |                   |        3|  0|   0|   511|   16|     2|         4088|
    +--------+-------------------+---------+---+----+------+-----+------+-------------+

    * FIFO: 
    N/A

    * Expression: 
    +-----------------------+----------+-------+----+----+------------+------------+
    |     Variable Name     | Operation| DSP48E| FF | LUT| Bitwidth P0| Bitwidth P1|
    +-----------------------+----------+-------+----+----+------------+------------+
    |i_2_fu_598_p2          |     +    |      0|  23|  12|           1|           6|
    |j_2_fu_503_p2          |     +    |      0|  14|   9|           3|           1|
    |sum1_fu_588_p2         |     +    |      0|  29|  14|           5|           8|
    |sum2_fu_727_p2         |     +    |      0|  29|  14|           5|           8|
    |sum3_fu_737_p2         |     +    |      0|  29|  14|           5|           8|
    |sum8_fu_519_p2         |     +    |      0|  29|  14|           8|           8|
    |sum_fu_578_p2          |     +    |      0|  29|  14|           6|           8|
    |tmp_7_fu_405_p2        |     +    |      0|  14|   9|           3|           1|
    |exitcond1_fu_479_p2    |   icmp   |      0|   0|   3|           6|           6|
    |exitcond2_fu_399_p2    |   icmp   |      0|   0|   2|           3|           4|
    |exitcond_fu_497_p2     |   icmp   |      0|   0|   2|           3|           4|
    |sel_tmp2_fu_609_p2     |   icmp   |      0|   0|   1|           2|           1|
    |sel_tmp4_fu_614_p2     |   icmp   |      0|   0|   1|           2|           1|
    |sel_tmp_fu_604_p2      |   icmp   |      0|   0|   1|           2|           3|
    |tmp_9_fu_537_p2        |   icmp   |      0|   0|   1|           2|           1|
    |or_cond_fu_619_p2      |    or    |      0|   0|   2|           1|           1|
    |tmp_12_fu_747_p2       |    or    |      0|   0|   8|           8|           1|
    |tmp_14_fu_767_p2       |    or    |      0|   0|   8|           8|           2|
    |tmp_16_fu_777_p2       |    or    |      0|   0|   8|           8|           2|
    |tmp_1_fu_428_p2        |    or    |      0|   0|   4|           4|           1|
    |tmp_3_fu_449_p2        |    or    |      0|   0|   4|           4|           2|
    |tmp_5_fu_459_p2        |    or    |      0|   0|   4|           4|           2|
    |newSel2_fu_641_p3      |  select  |      0|   0|   8|           1|           8|
    |newSel_fu_625_p3       |  select  |      0|   0|   8|           1|           8|
    |temp_0_2_fu_708_p3     |  select  |      0|   0|   8|           1|           8|
    |temp_1_1_fu_701_p3     |  select  |      0|   0|   8|           1|           8|
    |temp_2_1_35_fu_694_p3  |  select  |      0|   0|   8|           1|           8|
    |temp_3_1_34_fu_687_p3  |  select  |      0|   0|   8|           1|           8|
    |temp_3_3_fu_633_p3     |  select  |      0|   0|   8|           1|           8|
    |temp_3_4_fu_649_p3     |  select  |      0|   0|   8|           1|           8|
    |temp_3_6_fu_657_p3     |  select  |      0|   0|   8|           1|           8|
    |temp_3_7_fu_665_p3     |  select  |      0|   0|   8|           1|           8|
    |temp_3_9_fu_673_p3     |  select  |      0|   0|   8|           1|           8|
    |temp_0_1_fu_681_p2     |    xor   |      0|   0|   8|           8|           8|
    |tmp1_fu_509_p2         |    xor   |      0|   0|   4|           3|           4|
    |tmp_10_fu_715_p2       |    xor   |      0|   0|   8|           8|           8|
    |tmp_11_fu_721_p2       |    xor   |      0|   0|   8|           8|           8|
    |tmp_13_fu_757_p2       |    xor   |      0|   0|   8|           8|           8|
    |tmp_15_fu_762_p2       |    xor   |      0|   0|   8|           8|           8|
    +-----------------------+----------+-------+----+----+------------+------------+
    |Total                  |          |      0| 196| 281|         147|         211|
    +-----------------------+----------+-------+----+----+------------+------------+

    * Multiplexer: 
    +-------------------+----+-----------+-----+-----------+
    |        Name       | LUT| Input Size| Bits| Total Bits|
    +-------------------+----+-----------+-----+-----------+
    |Key_address0       |  15|          3|    5|         15|
    |Key_address1       |  15|          3|    5|         15|
    |RoundKey_address0  |  33|          8|    8|         64|
    |RoundKey_address1  |  33|          7|    8|         56|
    |RoundKey_d0        |  27|          5|    8|         40|
    |RoundKey_d1        |  27|          5|    8|         40|
    |ap_NS_fsm          |  60|         11|    1|         11|
    |i_1_reg_332        |   9|          2|    6|         12|
    |i_reg_273          |   9|          2|    3|          6|
    |j_reg_388          |   9|          2|    3|          6|
    |temp_2_1_reg_355   |   9|          2|    8|         16|
    |temp_3_1_reg_344   |   9|          2|    8|         16|
    |temp_3_5_reg_366   |   9|          2|    8|         16|
    |temp_3_8_reg_377   |   9|          2|    8|         16|
    +-------------------+----+-----------+-----+-----------+
    |Total              | 273|         56|   87|        329|
    +-------------------+----+-----------+-----+-----------+

    * Register: 
    +---------------------+----+----+-----+-----------+
    |         Name        | FF | LUT| Bits| Const Bits|
    +---------------------+----+----+-----+-----------+
    |ap_CS_fsm            |  10|   0|   10|          0|
    |i_1_reg_332          |   6|   0|    6|          0|
    |i_2_reg_924          |   6|   0|    6|          0|
    |i_reg_273            |   3|   0|    3|          0|
    |j_2_reg_864          |   3|   0|    3|          0|
    |j_reg_388            |   3|   0|    3|          0|
    |temp_0_2_reg_966     |   8|   0|    8|          0|
    |temp_1_1_reg_961     |   8|   0|    8|          0|
    |temp_1_reg_308       |   8|   0|    8|          0|
    |temp_2_1_35_reg_955  |   8|   0|    8|          0|
    |temp_2_1_reg_355     |   8|   0|    8|          0|
    |temp_2_reg_296       |   8|   0|    8|          0|
    |temp_3_1_34_reg_949  |   8|   0|    8|          0|
    |temp_3_1_reg_344     |   8|   0|    8|          0|
    |temp_3_5_reg_366     |   8|   0|    8|          0|
    |temp_3_8_reg_377     |   8|   0|    8|          0|
    |temp_3_reg_284       |   8|   0|    8|          0|
    |temp_reg_320         |   8|   0|    8|          0|
    |tmp_10_reg_971       |   8|   0|    8|          0|
    |tmp_11_reg_976       |   8|   0|    8|          0|
    |tmp_13_reg_991       |   8|   0|    8|          0|
    |tmp_15_reg_996       |   8|   0|    8|          0|
    |tmp_1_cast_reg_811   |   2|   0|   32|         30|
    |tmp_21_reg_874       |   2|   0|    2|          0|
    |tmp_3_cast_reg_821   |   2|   0|   32|         30|
    |tmp_5_cast_reg_831   |   2|   0|   32|         30|
    |tmp_7_reg_790        |   3|   0|    3|          0|
    |tmp_8_cast_reg_856   |   6|   0|   32|         26|
    |tmp_8_reg_844        |   6|   0|    8|          2|
    |tmp_9_reg_881        |   1|   0|    1|          0|
    |tmp_cast_reg_801     |   2|   0|   32|         30|
    |tmp_reg_795          |   2|   0|    4|          2|
    +---------------------+----+----+-----+-----------+
    |Total                | 187|   0|  337|        150|
    +---------------------+----+----+-----+-----------+



================================================================
== Interface
================================================================
* Summary: 
+-------------------+-----+-----+------------+--------------+--------------+
|     RTL Ports     | Dir | Bits|  Protocol  | Source Object|    C Type    |
+-------------------+-----+-----+------------+--------------+--------------+
|ap_clk             |  in |    1| ap_ctrl_hs | KeyExpansion | return value |
|ap_rst             |  in |    1| ap_ctrl_hs | KeyExpansion | return value |
|ap_start           |  in |    1| ap_ctrl_hs | KeyExpansion | return value |
|ap_done            | out |    1| ap_ctrl_hs | KeyExpansion | return value |
|ap_idle            | out |    1| ap_ctrl_hs | KeyExpansion | return value |
|ap_ready           | out |    1| ap_ctrl_hs | KeyExpansion | return value |
|RoundKey_address0  | out |    8|  ap_memory |   RoundKey   |     array    |
|RoundKey_ce0       | out |    1|  ap_memory |   RoundKey   |     array    |
|RoundKey_we0       | out |    1|  ap_memory |   RoundKey   |     array    |
|RoundKey_d0        | out |    8|  ap_memory |   RoundKey   |     array    |
|RoundKey_q0        |  in |    8|  ap_memory |   RoundKey   |     array    |
|RoundKey_address1  | out |    8|  ap_memory |   RoundKey   |     array    |
|RoundKey_ce1       | out |    1|  ap_memory |   RoundKey   |     array    |
|RoundKey_we1       | out |    1|  ap_memory |   RoundKey   |     array    |
|RoundKey_d1        | out |    8|  ap_memory |   RoundKey   |     array    |
|RoundKey_q1        |  in |    8|  ap_memory |   RoundKey   |     array    |
|Key_address0       | out |    5|  ap_memory |      Key     |     array    |
|Key_ce0            | out |    1|  ap_memory |      Key     |     array    |
|Key_q0             |  in |   32|  ap_memory |      Key     |     array    |
|Key_address1       | out |    5|  ap_memory |      Key     |     array    |
|Key_ce1            | out |    1|  ap_memory |      Key     |     array    |
|Key_q1             |  in |   32|  ap_memory |      Key     |     array    |
+-------------------+-----+-----+------------+--------------+--------------+

