

================================================================
== Vivado HLS Report for 'Cipher'
================================================================
* Date:           Wed Jul  4 11:23:17 2018

* Version:        2017.2 (Build 1909853 on Thu Jun 15 18:55:24 MDT 2017)
* Project:        Second
* Solution:       solution1
* Product family: zynquplus
* Target device:  xczu7eg-ffvf1517-1l-i


================================================================
== Performance Estimates
================================================================
+ Timing (ns): 
    * Summary: 
    +--------+-------+----------+------------+
    |  Clock | Target| Estimated| Uncertainty|
    +--------+-------+----------+------------+
    |ap_clk  |  10.00|      3.57|        1.25|
    +--------+-------+----------+------------+

+ Latency (clock cycles): 
    * Summary: 
    +-----+-----+-----+-----+---------+
    |  Latency  |  Interval | Pipeline|
    | min | max | min | max |   Type  |
    +-----+-----+-----+-----+---------+
    |  349|  349|  350|  350|   none  |
    +-----+-----+-----+-----+---------+

    + Detail: 
        * Instance: 
        N/A

        * Loop: 
        +------------------+-----+-----+----------+-----------+-----------+------+----------+
        |                  |  Latency  | Iteration|  Initiation Interval  | Trip |          |
        |     Loop Name    | min | max |  Latency |  achieved |   target  | Count| Pipelined|
        +------------------+-----+-----+----------+-----------+-----------+------+----------+
        |- Loop 1          |   12|   12|         3|          -|          -|     4|    no    |
        |- Cipher_label34  |   74|   74|        11|          8|          1|     9|    yes   |
        +------------------+-----+-----+----------+-----------+-----------+------+----------+

============================================================
+ Verbose Summary: Synthesis Manager
============================================================
InlineROM: 1
ExposeGlobal: 0
============================================================
+ Verbose Summary: CDFG Model
============================================================
IsTopModel: 1
ResetActiveHigh: 1
IsCombinational: 0
IsDatapathOnly: 0
HasWiredReturn: 1
HasMFsm: 0
HasVarLatency: 1
IsPipeline: 0
IsRtlPipelined: 0
IsInstanceOverlapped: 0
IsDontTouch: 0
HasImplIP: 0
IsGatedGlobalClock: 0

+ Individual pipeline summary: 
  * Pipeline-0: initiation interval (II) = 8, depth = 11


============================================================
+ Verbose Summary: Schedule
============================================================
* Number of FSM states: 26
* Pipeline: 1
  Pipeline-0: II = 8, D = 11, States = { 6 7 8 9 10 11 12 13 14 15 16 }
* Dataflow Pipeline: 0

* FSM state transitions: 
1 --> 
	2  / true
2 --> 
	3  / true
3 --> 
	4  / (!exitcond1_i)
	6  / (exitcond1_i)
4 --> 
	5  / true
5 --> 
	3  / true
6 --> 
	17  / (exitcond)
	7  / (!exitcond)
7 --> 
	8  / true
8 --> 
	9  / true
9 --> 
	10  / true
10 --> 
	11  / true
11 --> 
	12  / true
12 --> 
	13  / true
13 --> 
	14  / true
14 --> 
	15  / true
15 --> 
	16  / true
16 --> 
	6  / true
17 --> 
	18  / true
18 --> 
	19  / true
19 --> 
	20  / true
20 --> 
	21  / true
21 --> 
	22  / true
22 --> 
	23  / true
23 --> 
	24  / true
24 --> 
	25  / true
25 --> 
	26  / true
26 --> 
* FSM state operations: 

 <State 1>: 0.00ns
ST_1: RoundKey (7)  [1/1] 0.00ns  loc: CCodedFiles/2nd/AES_Encrypt.c:204
:3  %RoundKey = alloca [240 x i32], align 4

ST_1: StgValue_28 (8)  [2/2] 0.00ns  loc: CCodedFiles/2nd/AES_Encrypt.c:206
:4  call fastcc void @KeyExpansion([240 x i32]* %RoundKey, [32 x i32]* %Key) nounwind


 <State 2>: 0.49ns
ST_2: StgValue_29 (4)  [1/1] 0.00ns
:0  call void (...)* @_ssdm_op_SpecBitsMap([4 x i128]* %state), !map !27

ST_2: StgValue_30 (5)  [1/1] 0.00ns
:1  call void (...)* @_ssdm_op_SpecBitsMap([32 x i32]* %Key) nounwind, !map !49

ST_2: StgValue_31 (6)  [1/1] 0.00ns
:2  call void (...)* @_ssdm_op_SpecTopModule([7 x i8]* @Cipher_str) nounwind

ST_2: StgValue_32 (8)  [1/2] 0.00ns  loc: CCodedFiles/2nd/AES_Encrypt.c:206
:4  call fastcc void @KeyExpansion([240 x i32]* %RoundKey, [32 x i32]* %Key) nounwind

ST_2: StgValue_33 (9)  [1/1] 0.49ns  loc: CCodedFiles/2nd/AES_Encrypt.c:86
:5  br label %1


 <State 3>: 1.35ns
ST_3: i_i (11)  [1/1] 0.00ns
:0  %i_i = phi i3 [ 0, %0 ], [ %i, %.preheader.preheader.i ]

ST_3: i_i_cast2 (12)  [1/1] 0.00ns  loc: CCodedFiles/2nd/AES_Encrypt.c:86
:1  %i_i_cast2 = zext i3 %i_i to i32

ST_3: exitcond1_i (13)  [1/1] 0.18ns  loc: CCodedFiles/2nd/AES_Encrypt.c:86
:2  %exitcond1_i = icmp eq i3 %i_i, -4

ST_3: empty (14)  [1/1] 0.00ns
:3  %empty = call i32 (...)* @_ssdm_op_SpecLoopTripCount(i64 4, i64 4, i64 4)

ST_3: i (15)  [1/1] 0.86ns  loc: CCodedFiles/2nd/AES_Encrypt.c:86
:4  %i = add i3 %i_i, 1

ST_3: StgValue_39 (16)  [1/1] 0.00ns  loc: CCodedFiles/2nd/AES_Encrypt.c:86
:5  br i1 %exitcond1_i, label %AddRoundKey.exit.preheader, label %.preheader.preheader.i

ST_3: tmp_112 (18)  [1/1] 0.00ns  loc: CCodedFiles/2nd/AES_Encrypt.c:86
.preheader.preheader.i:0  %tmp_112 = trunc i3 %i_i to i2

ST_3: tmp_i (19)  [1/1] 0.00ns  loc: CCodedFiles/2nd/AES_Encrypt.c:90
.preheader.preheader.i:1  %tmp_i = call i4 @_ssdm_op_BitConcatenate.i4.i2.i2(i2 %tmp_112, i2 0)

ST_3: tmp_i_cast (20)  [1/1] 0.00ns  loc: CCodedFiles/2nd/AES_Encrypt.c:90
.preheader.preheader.i:2  %tmp_i_cast = zext i4 %tmp_i to i32

ST_3: RoundKey_addr (21)  [1/1] 0.00ns  loc: CCodedFiles/2nd/AES_Encrypt.c:90
.preheader.preheader.i:3  %RoundKey_addr = getelementptr [240 x i32]* %RoundKey, i32 0, i32 %tmp_i_cast

ST_3: RoundKey_load (22)  [2/2] 1.35ns  loc: CCodedFiles/2nd/AES_Encrypt.c:90
.preheader.preheader.i:4  %RoundKey_load = load i32* %RoundKey_addr, align 4

ST_3: state_addr (23)  [1/1] 0.00ns  loc: CCodedFiles/2nd/AES_Encrypt.c:90
.preheader.preheader.i:5  %state_addr = getelementptr [4 x i128]* %state, i32 0, i32 %i_i_cast2

ST_3: sum3_i (27)  [1/1] 0.00ns  loc: CCodedFiles/2nd/AES_Encrypt.c:90
.preheader.preheader.i:9  %sum3_i = or i4 %tmp_i, 1

ST_3: sum3_i_cast (28)  [1/1] 0.00ns  loc: CCodedFiles/2nd/AES_Encrypt.c:90
.preheader.preheader.i:10  %sum3_i_cast = zext i4 %sum3_i to i32

ST_3: RoundKey_addr_59 (29)  [1/1] 0.00ns  loc: CCodedFiles/2nd/AES_Encrypt.c:90
.preheader.preheader.i:11  %RoundKey_addr_59 = getelementptr [240 x i32]* %RoundKey, i32 0, i32 %sum3_i_cast

ST_3: RoundKey_load_34 (30)  [2/2] 1.35ns  loc: CCodedFiles/2nd/AES_Encrypt.c:90
.preheader.preheader.i:12  %RoundKey_load_34 = load i32* %RoundKey_addr_59, align 4

ST_3: StgValue_50 (49)  [1/1] 0.49ns  loc: CCodedFiles/2nd/AES_Encrypt.c:210
AddRoundKey.exit.preheader:0  br label %AddRoundKey.exit


 <State 4>: 1.35ns
ST_4: RoundKey_load (22)  [1/2] 1.35ns  loc: CCodedFiles/2nd/AES_Encrypt.c:90
.preheader.preheader.i:4  %RoundKey_load = load i32* %RoundKey_addr, align 4

ST_4: state_load (24)  [2/2] 0.79ns  loc: CCodedFiles/2nd/AES_Encrypt.c:90
.preheader.preheader.i:6  %state_load = load i128* %state_addr, align 8

ST_4: RoundKey_load_34 (30)  [1/2] 1.35ns  loc: CCodedFiles/2nd/AES_Encrypt.c:90
.preheader.preheader.i:12  %RoundKey_load_34 = load i32* %RoundKey_addr_59, align 4

ST_4: sum3_1_i (33)  [1/1] 0.00ns  loc: CCodedFiles/2nd/AES_Encrypt.c:90
.preheader.preheader.i:15  %sum3_1_i = or i4 %tmp_i, 2

ST_4: sum3_1_i_cast (34)  [1/1] 0.00ns  loc: CCodedFiles/2nd/AES_Encrypt.c:90
.preheader.preheader.i:16  %sum3_1_i_cast = zext i4 %sum3_1_i to i32

ST_4: RoundKey_addr_60 (35)  [1/1] 0.00ns  loc: CCodedFiles/2nd/AES_Encrypt.c:90
.preheader.preheader.i:17  %RoundKey_addr_60 = getelementptr [240 x i32]* %RoundKey, i32 0, i32 %sum3_1_i_cast

ST_4: RoundKey_load_35 (36)  [2/2] 1.35ns  loc: CCodedFiles/2nd/AES_Encrypt.c:90
.preheader.preheader.i:18  %RoundKey_load_35 = load i32* %RoundKey_addr_60, align 4

ST_4: sum3_2_i (39)  [1/1] 0.00ns  loc: CCodedFiles/2nd/AES_Encrypt.c:90
.preheader.preheader.i:21  %sum3_2_i = or i4 %tmp_i, 3

ST_4: sum3_2_i_cast (40)  [1/1] 0.00ns  loc: CCodedFiles/2nd/AES_Encrypt.c:90
.preheader.preheader.i:22  %sum3_2_i_cast = zext i4 %sum3_2_i to i32

ST_4: RoundKey_addr_61 (41)  [1/1] 0.00ns  loc: CCodedFiles/2nd/AES_Encrypt.c:90
.preheader.preheader.i:23  %RoundKey_addr_61 = getelementptr [240 x i32]* %RoundKey, i32 0, i32 %sum3_2_i_cast

ST_4: RoundKey_load_36 (42)  [2/2] 1.35ns  loc: CCodedFiles/2nd/AES_Encrypt.c:90
.preheader.preheader.i:24  %RoundKey_load_36 = load i32* %RoundKey_addr_61, align 4


 <State 5>: 2.21ns
ST_5: state_load (24)  [1/2] 0.79ns  loc: CCodedFiles/2nd/AES_Encrypt.c:90
.preheader.preheader.i:6  %state_load = load i128* %state_addr, align 8

ST_5: tmp_113 (25)  [1/1] 0.00ns  loc: CCodedFiles/2nd/AES_Encrypt.c:90
.preheader.preheader.i:7  %tmp_113 = trunc i128 %state_load to i32

ST_5: tmp_84_i (26)  [1/1] 0.06ns  loc: CCodedFiles/2nd/AES_Encrypt.c:90
.preheader.preheader.i:8  %tmp_84_i = xor i32 %RoundKey_load, %tmp_113

ST_5: tmp_113_i (31)  [1/1] 0.00ns  loc: CCodedFiles/2nd/AES_Encrypt.c:90
.preheader.preheader.i:13  %tmp_113_i = call i32 @_ssdm_op_PartSelect.i32.i128.i32.i32(i128 %state_load, i32 32, i32 63)

ST_5: tmp_84_1_i (32)  [1/1] 0.06ns  loc: CCodedFiles/2nd/AES_Encrypt.c:90
.preheader.preheader.i:14  %tmp_84_1_i = xor i32 %RoundKey_load_34, %tmp_113_i

ST_5: RoundKey_load_35 (36)  [1/2] 1.35ns  loc: CCodedFiles/2nd/AES_Encrypt.c:90
.preheader.preheader.i:18  %RoundKey_load_35 = load i32* %RoundKey_addr_60, align 4

ST_5: tmp_115_i (37)  [1/1] 0.00ns  loc: CCodedFiles/2nd/AES_Encrypt.c:90
.preheader.preheader.i:19  %tmp_115_i = call i32 @_ssdm_op_PartSelect.i32.i128.i32.i32(i128 %state_load, i32 64, i32 95)

ST_5: tmp_84_2_i (38)  [1/1] 0.06ns  loc: CCodedFiles/2nd/AES_Encrypt.c:90
.preheader.preheader.i:20  %tmp_84_2_i = xor i32 %RoundKey_load_35, %tmp_115_i

ST_5: RoundKey_load_36 (42)  [1/2] 1.35ns  loc: CCodedFiles/2nd/AES_Encrypt.c:90
.preheader.preheader.i:24  %RoundKey_load_36 = load i32* %RoundKey_addr_61, align 4

ST_5: tmp_117_i (43)  [1/1] 0.00ns  loc: CCodedFiles/2nd/AES_Encrypt.c:90
.preheader.preheader.i:25  %tmp_117_i = call i32 @_ssdm_op_PartSelect.i32.i128.i32.i32(i128 %state_load, i32 96, i32 127)

ST_5: tmp_84_3_i (44)  [1/1] 0.06ns  loc: CCodedFiles/2nd/AES_Encrypt.c:90
.preheader.preheader.i:26  %tmp_84_3_i = xor i32 %RoundKey_load_36, %tmp_117_i

ST_5: tmp_118_i (45)  [1/1] 0.00ns  loc: CCodedFiles/2nd/AES_Encrypt.c:90
.preheader.preheader.i:27  %tmp_118_i = call i128 @_ssdm_op_BitConcatenate.i128.i32.i32.i32.i32(i32 %tmp_84_3_i, i32 %tmp_84_2_i, i32 %tmp_84_1_i, i32 %tmp_84_i)

ST_5: StgValue_74 (46)  [1/1] 0.79ns  loc: CCodedFiles/2nd/AES_Encrypt.c:90
.preheader.preheader.i:28  store i128 %tmp_118_i, i128* %state_addr, align 8

ST_5: StgValue_75 (47)  [1/1] 0.00ns  loc: CCodedFiles/2nd/AES_Encrypt.c:86
.preheader.preheader.i:29  br label %1


 <State 6>: 0.52ns
ST_6: round (51)  [1/1] 0.00ns  loc: CCodedFiles/2nd/AES_Encrypt.c:210
AddRoundKey.exit:0  %round = phi i4 [ %tmp, %2 ], [ 1, %AddRoundKey.exit.preheader ]

ST_6: exitcond (52)  [1/1] 0.52ns  loc: CCodedFiles/2nd/AES_Encrypt.c:210
AddRoundKey.exit:1  %exitcond = icmp eq i4 %round, -6

ST_6: StgValue_78 (53)  [1/1] 0.00ns  loc: CCodedFiles/2nd/AES_Encrypt.c:210
AddRoundKey.exit:2  br i1 %exitcond, label %3, label %2


 <State 7>: 0.96ns
ST_7: round_cast1_cast (59)  [1/1] 0.00ns  loc: CCodedFiles/2nd/AES_Encrypt.c:210
:4  %round_cast1_cast = zext i4 %round to i6

ST_7: StgValue_80 (60)  [10/10] 0.96ns  loc: CCodedFiles/2nd/AES_Encrypt.c:210
:5  call fastcc void @SubBytes([4 x i128]* %state, i6 %round_cast1_cast, [240 x i32]* %RoundKey)

ST_7: tmp (62)  [1/1] 0.94ns  loc: CCodedFiles/2nd/AES_Encrypt.c:210
:7  %tmp = add i4 %round, 1


 <State 8>: 3.57ns
ST_8: StgValue_82 (60)  [9/10] 3.57ns  loc: CCodedFiles/2nd/AES_Encrypt.c:210
:5  call fastcc void @SubBytes([4 x i128]* %state, i6 %round_cast1_cast, [240 x i32]* %RoundKey)


 <State 9>: 3.57ns
ST_9: StgValue_83 (60)  [8/10] 3.57ns  loc: CCodedFiles/2nd/AES_Encrypt.c:210
:5  call fastcc void @SubBytes([4 x i128]* %state, i6 %round_cast1_cast, [240 x i32]* %RoundKey)


 <State 10>: 3.57ns
ST_10: StgValue_84 (60)  [7/10] 3.57ns  loc: CCodedFiles/2nd/AES_Encrypt.c:210
:5  call fastcc void @SubBytes([4 x i128]* %state, i6 %round_cast1_cast, [240 x i32]* %RoundKey)


 <State 11>: 3.57ns
ST_11: StgValue_85 (60)  [6/10] 3.57ns  loc: CCodedFiles/2nd/AES_Encrypt.c:210
:5  call fastcc void @SubBytes([4 x i128]* %state, i6 %round_cast1_cast, [240 x i32]* %RoundKey)


 <State 12>: 3.57ns
ST_12: StgValue_86 (60)  [5/10] 3.57ns  loc: CCodedFiles/2nd/AES_Encrypt.c:210
:5  call fastcc void @SubBytes([4 x i128]* %state, i6 %round_cast1_cast, [240 x i32]* %RoundKey)


 <State 13>: 3.57ns
ST_13: StgValue_87 (60)  [4/10] 3.57ns  loc: CCodedFiles/2nd/AES_Encrypt.c:210
:5  call fastcc void @SubBytes([4 x i128]* %state, i6 %round_cast1_cast, [240 x i32]* %RoundKey)


 <State 14>: 3.57ns
ST_14: StgValue_88 (60)  [3/10] 3.57ns  loc: CCodedFiles/2nd/AES_Encrypt.c:210
:5  call fastcc void @SubBytes([4 x i128]* %state, i6 %round_cast1_cast, [240 x i32]* %RoundKey)


 <State 15>: 3.57ns
ST_15: StgValue_89 (60)  [2/10] 3.57ns  loc: CCodedFiles/2nd/AES_Encrypt.c:210
:5  call fastcc void @SubBytes([4 x i128]* %state, i6 %round_cast1_cast, [240 x i32]* %RoundKey)


 <State 16>: 0.00ns
ST_16: empty_48 (55)  [1/1] 0.00ns
:0  %empty_48 = call i32 (...)* @_ssdm_op_SpecLoopTripCount(i64 9, i64 9, i64 9) nounwind

ST_16: StgValue_91 (56)  [1/1] 0.00ns  loc: CCodedFiles/2nd/AES_Encrypt.c:211
:1  call void (...)* @_ssdm_op_SpecLoopName([15 x i8]* @p_str5) nounwind

ST_16: tmp_s (57)  [1/1] 0.00ns  loc: CCodedFiles/2nd/AES_Encrypt.c:211
:2  %tmp_s = call i32 (...)* @_ssdm_op_SpecRegionBegin([15 x i8]* @p_str5) nounwind

ST_16: StgValue_93 (58)  [1/1] 0.00ns  loc: CCodedFiles/2nd/AES_Encrypt.c:212
:3  call void (...)* @_ssdm_op_SpecPipeline(i32 -1, i32 1, i32 1, i32 0, [1 x i8]* @p_str1) nounwind

ST_16: StgValue_94 (60)  [1/10] 0.00ns  loc: CCodedFiles/2nd/AES_Encrypt.c:210
:5  call fastcc void @SubBytes([4 x i128]* %state, i6 %round_cast1_cast, [240 x i32]* %RoundKey)

ST_16: empty_49 (61)  [1/1] 0.00ns  loc: CCodedFiles/2nd/AES_Encrypt.c:215
:6  %empty_49 = call i32 (...)* @_ssdm_op_SpecRegionEnd([15 x i8]* @p_str5, i32 %tmp_s) nounwind

ST_16: StgValue_96 (63)  [1/1] 0.00ns  loc: CCodedFiles/2nd/AES_Encrypt.c:210
:8  br label %AddRoundKey.exit


 <State 17>: 0.96ns
ST_17: StgValue_97 (65)  [10/10] 0.96ns
:0  call fastcc void @SubBytes([4 x i128]* %state, i6 10, [240 x i32]* %RoundKey)


 <State 18>: 3.57ns
ST_18: StgValue_98 (65)  [9/10] 3.57ns
:0  call fastcc void @SubBytes([4 x i128]* %state, i6 10, [240 x i32]* %RoundKey)


 <State 19>: 3.57ns
ST_19: StgValue_99 (65)  [8/10] 3.57ns
:0  call fastcc void @SubBytes([4 x i128]* %state, i6 10, [240 x i32]* %RoundKey)


 <State 20>: 3.57ns
ST_20: StgValue_100 (65)  [7/10] 3.57ns
:0  call fastcc void @SubBytes([4 x i128]* %state, i6 10, [240 x i32]* %RoundKey)


 <State 21>: 3.57ns
ST_21: StgValue_101 (65)  [6/10] 3.57ns
:0  call fastcc void @SubBytes([4 x i128]* %state, i6 10, [240 x i32]* %RoundKey)


 <State 22>: 3.57ns
ST_22: StgValue_102 (65)  [5/10] 3.57ns
:0  call fastcc void @SubBytes([4 x i128]* %state, i6 10, [240 x i32]* %RoundKey)


 <State 23>: 3.57ns
ST_23: StgValue_103 (65)  [4/10] 3.57ns
:0  call fastcc void @SubBytes([4 x i128]* %state, i6 10, [240 x i32]* %RoundKey)


 <State 24>: 3.57ns
ST_24: StgValue_104 (65)  [3/10] 3.57ns
:0  call fastcc void @SubBytes([4 x i128]* %state, i6 10, [240 x i32]* %RoundKey)


 <State 25>: 3.57ns
ST_25: StgValue_105 (65)  [2/10] 3.57ns
:0  call fastcc void @SubBytes([4 x i128]* %state, i6 10, [240 x i32]* %RoundKey)


 <State 26>: 0.00ns
ST_26: StgValue_106 (65)  [1/10] 0.00ns
:0  call fastcc void @SubBytes([4 x i128]* %state, i6 10, [240 x i32]* %RoundKey)

ST_26: StgValue_107 (66)  [1/1] 0.00ns  loc: CCodedFiles/2nd/AES_Encrypt.c:219
:1  ret void



============================================================
+ Verbose Summary: Timing violations
============================================================
Target clock period: 10ns, clock uncertainty: 1.25ns.

 <State 1>: 0ns
The critical path consists of the following:

 <State 2>: 0.489ns
The critical path consists of the following:
	multiplexor before 'phi' operation ('i') with incoming values : ('i', CCodedFiles/2nd/AES_Encrypt.c:86) [11]  (0.489 ns)

 <State 3>: 1.35ns
The critical path consists of the following:
	'phi' operation ('i') with incoming values : ('i', CCodedFiles/2nd/AES_Encrypt.c:86) [11]  (0 ns)
	'or' operation ('sum3_i', CCodedFiles/2nd/AES_Encrypt.c:90) [27]  (0 ns)
	'getelementptr' operation ('RoundKey_addr_59', CCodedFiles/2nd/AES_Encrypt.c:90) [29]  (0 ns)
	'load' operation ('RoundKey_load_34', CCodedFiles/2nd/AES_Encrypt.c:90) on array 'RoundKey', CCodedFiles/2nd/AES_Encrypt.c:204 [30]  (1.35 ns)

 <State 4>: 1.35ns
The critical path consists of the following:
	'load' operation ('RoundKey_load', CCodedFiles/2nd/AES_Encrypt.c:90) on array 'RoundKey', CCodedFiles/2nd/AES_Encrypt.c:204 [22]  (1.35 ns)

 <State 5>: 2.21ns
The critical path consists of the following:
	'load' operation ('RoundKey_load_35', CCodedFiles/2nd/AES_Encrypt.c:90) on array 'RoundKey', CCodedFiles/2nd/AES_Encrypt.c:204 [36]  (1.35 ns)
	'xor' operation ('tmp_84_2_i', CCodedFiles/2nd/AES_Encrypt.c:90) [38]  (0.064 ns)
	'store' operation (CCodedFiles/2nd/AES_Encrypt.c:90) of variable 'tmp_118_i', CCodedFiles/2nd/AES_Encrypt.c:90 on array 'state' [46]  (0.79 ns)

 <State 6>: 0.522ns
The critical path consists of the following:
	'phi' operation ('round', CCodedFiles/2nd/AES_Encrypt.c:210) with incoming values : ('tmp', CCodedFiles/2nd/AES_Encrypt.c:210) [51]  (0 ns)
	'icmp' operation ('exitcond', CCodedFiles/2nd/AES_Encrypt.c:210) [52]  (0.522 ns)

 <State 7>: 0.961ns
The critical path consists of the following:
	'call' operation (CCodedFiles/2nd/AES_Encrypt.c:210) to 'SubBytes' [60]  (0.961 ns)

 <State 8>: 3.57ns
The critical path consists of the following:
	'call' operation (CCodedFiles/2nd/AES_Encrypt.c:210) to 'SubBytes' [60]  (3.57 ns)

 <State 9>: 3.57ns
The critical path consists of the following:
	'call' operation (CCodedFiles/2nd/AES_Encrypt.c:210) to 'SubBytes' [60]  (3.57 ns)

 <State 10>: 3.57ns
The critical path consists of the following:
	'call' operation (CCodedFiles/2nd/AES_Encrypt.c:210) to 'SubBytes' [60]  (3.57 ns)

 <State 11>: 3.57ns
The critical path consists of the following:
	'call' operation (CCodedFiles/2nd/AES_Encrypt.c:210) to 'SubBytes' [60]  (3.57 ns)

 <State 12>: 3.57ns
The critical path consists of the following:
	'call' operation (CCodedFiles/2nd/AES_Encrypt.c:210) to 'SubBytes' [60]  (3.57 ns)

 <State 13>: 3.57ns
The critical path consists of the following:
	'call' operation (CCodedFiles/2nd/AES_Encrypt.c:210) to 'SubBytes' [60]  (3.57 ns)

 <State 14>: 3.57ns
The critical path consists of the following:
	'call' operation (CCodedFiles/2nd/AES_Encrypt.c:210) to 'SubBytes' [60]  (3.57 ns)

 <State 15>: 3.57ns
The critical path consists of the following:
	'call' operation (CCodedFiles/2nd/AES_Encrypt.c:210) to 'SubBytes' [60]  (3.57 ns)

 <State 16>: 0ns
The critical path consists of the following:

 <State 17>: 0.961ns
The critical path consists of the following:
	'call' operation to 'SubBytes' [65]  (0.961 ns)

 <State 18>: 3.57ns
The critical path consists of the following:
	'call' operation to 'SubBytes' [65]  (3.57 ns)

 <State 19>: 3.57ns
The critical path consists of the following:
	'call' operation to 'SubBytes' [65]  (3.57 ns)

 <State 20>: 3.57ns
The critical path consists of the following:
	'call' operation to 'SubBytes' [65]  (3.57 ns)

 <State 21>: 3.57ns
The critical path consists of the following:
	'call' operation to 'SubBytes' [65]  (3.57 ns)

 <State 22>: 3.57ns
The critical path consists of the following:
	'call' operation to 'SubBytes' [65]  (3.57 ns)

 <State 23>: 3.57ns
The critical path consists of the following:
	'call' operation to 'SubBytes' [65]  (3.57 ns)

 <State 24>: 3.57ns
The critical path consists of the following:
	'call' operation to 'SubBytes' [65]  (3.57 ns)

 <State 25>: 3.57ns
The critical path consists of the following:
	'call' operation to 'SubBytes' [65]  (3.57 ns)

 <State 26>: 0ns
The critical path consists of the following:


============================================================
+ Verbose Summary: Binding
============================================================
N/A
* FSMD analyzer results:
  - Output states:
 - Input state : 
  - Chain level:
	State 1
	State 2
	State 3
	State 4
	State 5
	State 6
	State 7
	State 8
	State 9
	State 10
	State 11
	State 12
	State 13
	State 14
	State 15
	State 16
	State 17
	State 18
	State 19
	State 20
	State 21
	State 22
	State 23
	State 24
	State 25
	State 26


============================================================
+ Verbose Summary: Datapath Resource usage 
============================================================
N/A
