

================================================================
== Vivado HLS Report for 'KeySchedule'
================================================================
* Date:           Thu Dec  7 12:29:15 2017

* Version:        2017.2 (Build 1909853 on Thu Jun 15 18:55:24 MDT 2017)
* Project:        Third
* Solution:       solution1
* Product family: zynquplus
* Target device:  xczu7eg-ffvf1517-1l-i


================================================================
== Performance Estimates
================================================================
+ Timing (ns): 
    * Summary: 
    +--------+-------+----------+------------+
    |  Clock | Target| Estimated| Uncertainty|
    +--------+-------+----------+------------+
    |ap_clk  |  10.00|      5.51|        1.25|
    +--------+-------+----------+------------+

+ Latency (clock cycles): 
    * Summary: 
    +-----+-----+-----+-----+---------+
    |  Latency  |  Interval | Pipeline|
    | min | max | min | max |   Type  |
    +-----+-----+-----+-----+---------+
    |  562|  562|  562|  562|   none  |
    +-----+-----+-----+-----+---------+

    + Detail: 
        * Instance: 
        N/A

        * Loop: 
        +-------------+-----+-----+----------+-----------+-----------+------+----------+
        |             |  Latency  | Iteration|  Initiation Interval  | Trip |          |
        |  Loop Name  | min | max |  Latency |  achieved |   target  | Count| Pipelined|
        +-------------+-----+-----+----------+-----------+-----------+------+----------+
        |- Loop 1     |   40|   40|        10|          -|          -|     4|    no    |
        | + Loop 1.1  |    8|    8|         2|          -|          -|     4|    no    |
        |- Loop 2     |  520|  520|        13|          -|          -|    40|    no    |
        | + Loop 2.1  |    8|    8|         2|          -|          -|     4|    no    |
        +-------------+-----+-----+----------+-----------+-----------+------+----------+

============================================================
+ Verbose Summary: Synthesis Manager
============================================================
InlineROM: 1
ExposeGlobal: 0
============================================================
+ Verbose Summary: CDFG Model
============================================================
IsTopModel: 0
ResetActiveHigh: 1
IsCombinational: 0
IsDatapathOnly: 0
HasWiredReturn: 1
HasMFsm: 0
HasVarLatency: 1
IsPipeline: 0
IsRtlPipelined: 0
IsInstanceOverlapped: 0
IsDontTouch: 0
HasImplIP: 0
IsGatedGlobalClock: 0


============================================================
+ Verbose Summary: Schedule
============================================================
* Number of FSM states: 12
* Pipeline: 0
* Dataflow Pipeline: 0

* FSM state transitions: 
1 --> 
	2  / true
2 --> 
	3  / (!exitcond3)
	5  / (exitcond3)
3 --> 
	4  / (!exitcond2)
	2  / (exitcond2)
4 --> 
	3  / true
5 --> 
	6  / (!exitcond1 & !tmp_s)
	8  / (!exitcond1 & tmp_s)
6 --> 
	7  / true
7 --> 
	10  / true
8 --> 
	9  / true
9 --> 
	10  / true
10 --> 
	11  / true
11 --> 
	12  / (!exitcond)
	5  / (exitcond)
12 --> 
	11  / true
* FSM state operations: 

 <State 1>: 0.49ns
ST_1: StgValue_13 (5)  [1/1] 0.49ns  loc: CCodedFiles/3rd/aes.c:191
:0  br label %.loopexit


 <State 2>: 0.86ns
ST_2: j (7)  [1/1] 0.00ns
.loopexit:0  %j = phi i3 [ 0, %0 ], [ %j_4, %.loopexit.loopexit ]

ST_2: exitcond3 (8)  [1/1] 0.18ns  loc: CCodedFiles/3rd/aes.c:191
.loopexit:1  %exitcond3 = icmp eq i3 %j, -4

ST_2: empty (9)  [1/1] 0.00ns
.loopexit:2  %empty = call i32 (...)* @_ssdm_op_SpecLoopTripCount(i64 4, i64 4, i64 4)

ST_2: j_4 (10)  [1/1] 0.86ns  loc: CCodedFiles/3rd/aes.c:191
.loopexit:3  %j_4 = add i3 %j, 1

ST_2: StgValue_18 (11)  [1/1] 0.00ns  loc: CCodedFiles/3rd/aes.c:191
.loopexit:4  br i1 %exitcond3, label %.preheader.preheader, label %.preheader4.preheader

ST_2: tmp_46 (13)  [1/1] 0.00ns  loc: CCodedFiles/3rd/aes.c:191
.preheader4.preheader:0  %tmp_46 = trunc i3 %j to i2

ST_2: tmp (14)  [1/1] 0.00ns  loc: CCodedFiles/3rd/aes.c:194
.preheader4.preheader:1  %tmp = call i4 @_ssdm_op_BitConcatenate.i4.i2.i2(i2 %tmp_46, i2 0)

ST_2: StgValue_21 (15)  [1/1] 0.49ns  loc: CCodedFiles/3rd/aes.c:192
.preheader4.preheader:2  br label %.preheader4

ST_2: StgValue_22 (44)  [1/1] 0.49ns  loc: CCodedFiles/3rd/aes.c:197
.preheader.preheader:0  br label %.preheader


 <State 3>: 2.29ns
ST_3: i (17)  [1/1] 0.00ns
.preheader4:0  %i = phi i3 [ %i_1, %1 ], [ 0, %.preheader4.preheader ]

ST_3: tmp_45 (18)  [1/1] 0.00ns  loc: CCodedFiles/3rd/aes.c:192
.preheader4:1  %tmp_45 = call i10 @_ssdm_op_BitConcatenate.i10.i3.i7(i3 %i, i7 0)

ST_3: p_shl_cast (19)  [1/1] 0.00ns  loc: CCodedFiles/3rd/aes.c:192
.preheader4:2  %p_shl_cast = zext i10 %tmp_45 to i11

ST_3: tmp_47 (20)  [1/1] 0.00ns  loc: CCodedFiles/3rd/aes.c:192
.preheader4:3  %tmp_47 = call i6 @_ssdm_op_BitConcatenate.i6.i3.i3(i3 %i, i3 0)

ST_3: p_shl5_cast (21)  [1/1] 0.00ns  loc: CCodedFiles/3rd/aes.c:194
.preheader4:4  %p_shl5_cast = zext i6 %tmp_47 to i11

ST_3: tmp_48 (22)  [1/1] 0.93ns  loc: CCodedFiles/3rd/aes.c:194
.preheader4:5  %tmp_48 = sub i11 %p_shl_cast, %p_shl5_cast

ST_3: tmp_49 (23)  [1/1] 0.00ns  loc: CCodedFiles/3rd/aes.c:194
.preheader4:6  %tmp_49 = trunc i11 %tmp_48 to i3

ST_3: tmp_50 (24)  [1/1] 0.06ns  loc: CCodedFiles/3rd/aes.c:194
.preheader4:7  %tmp_50 = or i3 %tmp_49, %j

ST_3: tmp_51 (25)  [1/1] 0.00ns  loc: CCodedFiles/3rd/aes.c:194
.preheader4:8  %tmp_51 = call i8 @_ssdm_op_PartSelect.i8.i11.i32.i32(i11 %tmp_48, i32 3, i32 10)

ST_3: tmp_52 (26)  [1/1] 0.00ns  loc: CCodedFiles/3rd/aes.c:194
.preheader4:9  %tmp_52 = call i11 @_ssdm_op_BitConcatenate.i11.i8.i3(i8 %tmp_51, i3 %tmp_50)

ST_3: tmp_53 (27)  [1/1] 0.00ns  loc: CCodedFiles/3rd/aes.c:194
.preheader4:10  %tmp_53 = sext i11 %tmp_52 to i32

ST_3: word_addr (28)  [1/1] 0.00ns  loc: CCodedFiles/3rd/aes.c:194
.preheader4:11  %word_addr = getelementptr [480 x i32]* @word, i32 0, i32 %tmp_53

ST_3: i_cast (29)  [1/1] 0.00ns  loc: CCodedFiles/3rd/aes.c:192
.preheader4:12  %i_cast = zext i3 %i to i4

ST_3: exitcond2 (30)  [1/1] 0.18ns  loc: CCodedFiles/3rd/aes.c:192
.preheader4:13  %exitcond2 = icmp eq i3 %i, -4

ST_3: empty_42 (31)  [1/1] 0.00ns
.preheader4:14  %empty_42 = call i32 (...)* @_ssdm_op_SpecLoopTripCount(i64 4, i64 4, i64 4)

ST_3: i_1 (32)  [1/1] 0.86ns  loc: CCodedFiles/3rd/aes.c:192
.preheader4:15  %i_1 = add i3 1, %i

ST_3: StgValue_39 (33)  [1/1] 0.00ns  loc: CCodedFiles/3rd/aes.c:192
.preheader4:16  br i1 %exitcond2, label %.loopexit.loopexit, label %1

ST_3: sum (35)  [1/1] 0.94ns  loc: CCodedFiles/3rd/aes.c:192
:0  %sum = add i4 %i_cast, %tmp

ST_3: sum_cast (36)  [1/1] 0.00ns  loc: CCodedFiles/3rd/aes.c:192
:1  %sum_cast = zext i4 %sum to i32

ST_3: key_addr (37)  [1/1] 0.00ns  loc: CCodedFiles/3rd/aes.c:194
:2  %key_addr = getelementptr [32 x i32]* %key, i32 0, i32 %sum_cast

ST_3: key_load (38)  [2/2] 1.35ns  loc: CCodedFiles/3rd/aes.c:194
:3  %key_load = load i32* %key_addr, align 4

ST_3: StgValue_44 (42)  [1/1] 0.00ns
.loopexit.loopexit:0  br label %.loopexit


 <State 4>: 2.70ns
ST_4: key_load (38)  [1/2] 1.35ns  loc: CCodedFiles/3rd/aes.c:194
:3  %key_load = load i32* %key_addr, align 4

ST_4: StgValue_46 (39)  [1/1] 1.35ns  loc: CCodedFiles/3rd/aes.c:194
:4  store i32 %key_load, i32* %word_addr, align 4

ST_4: StgValue_47 (40)  [1/1] 0.00ns  loc: CCodedFiles/3rd/aes.c:192
:5  br label %.preheader4


 <State 5>: 3.21ns
ST_5: j_1 (46)  [1/1] 0.00ns
.preheader:0  %j_1 = phi i6 [ %j_5, %5 ], [ 4, %.preheader.preheader ]

ST_5: j_1_cast2_cast (47)  [1/1] 0.00ns  loc: CCodedFiles/3rd/aes.c:197
.preheader:1  %j_1_cast2_cast = zext i6 %j_1 to i10

ST_5: exitcond1 (48)  [1/1] 0.84ns  loc: CCodedFiles/3rd/aes.c:197
.preheader:2  %exitcond1 = icmp eq i6 %j_1, -20

ST_5: empty_43 (49)  [1/1] 0.00ns
.preheader:3  %empty_43 = call i32 (...)* @_ssdm_op_SpecLoopTripCount(i64 40, i64 40, i64 40)

ST_5: StgValue_52 (50)  [1/1] 0.00ns  loc: CCodedFiles/3rd/aes.c:197
.preheader:4  br i1 %exitcond1, label %6, label %2

ST_5: tmp_54 (52)  [1/1] 0.00ns  loc: CCodedFiles/3rd/aes.c:197
:0  %tmp_54 = trunc i6 %j_1 to i2

ST_5: tmp_s (53)  [1/1] 0.12ns  loc: CCodedFiles/3rd/aes.c:201
:1  %tmp_s = icmp eq i2 %tmp_54, 0

ST_5: tmp_33 (54)  [1/1] 0.89ns  loc: CCodedFiles/3rd/aes.c:203
:2  %tmp_33 = add i6 -1, %j_1

ST_5: tmp_50_cast (55)  [1/1] 0.00ns  loc: CCodedFiles/3rd/aes.c:203
:3  %tmp_50_cast = zext i6 %tmp_33 to i32

ST_5: tmp_50_cast_cast1 (56)  [1/1] 0.00ns  loc: CCodedFiles/3rd/aes.c:203
:4  %tmp_50_cast_cast1 = zext i6 %tmp_33 to i9

ST_5: tmp_50_cast_cast (57)  [1/1] 0.00ns  loc: CCodedFiles/3rd/aes.c:203
:5  %tmp_50_cast_cast = zext i6 %tmp_33 to i8

ST_5: tmp_55 (58)  [1/1] 0.95ns  loc: CCodedFiles/3rd/aes.c:203
:6  %tmp_55 = add i8 120, %tmp_50_cast_cast

ST_5: tmp_58_cast (59)  [1/1] 0.00ns  loc: CCodedFiles/3rd/aes.c:203
:7  %tmp_58_cast = zext i8 %tmp_55 to i32

ST_5: word_addr_4 (60)  [1/1] 0.00ns  loc: CCodedFiles/3rd/aes.c:203
:8  %word_addr_4 = getelementptr [480 x i32]* @word, i32 0, i32 %tmp_58_cast

ST_5: tmp_56 (61)  [1/1] 0.97ns  loc: CCodedFiles/3rd/aes.c:204
:9  %tmp_56 = add i9 240, %tmp_50_cast_cast1

ST_5: tmp_59_cast (62)  [1/1] 0.00ns  loc: CCodedFiles/3rd/aes.c:204
:10  %tmp_59_cast = zext i9 %tmp_56 to i32

ST_5: word_addr_5 (63)  [1/1] 0.00ns  loc: CCodedFiles/3rd/aes.c:204
:11  %word_addr_5 = getelementptr [480 x i32]* @word, i32 0, i32 %tmp_59_cast

ST_5: tmp_57 (64)  [1/1] 0.97ns  loc: CCodedFiles/3rd/aes.c:205
:12  %tmp_57 = add i9 -152, %tmp_50_cast_cast1

ST_5: tmp_60_cast (65)  [1/1] 0.00ns  loc: CCodedFiles/3rd/aes.c:205
:13  %tmp_60_cast = zext i9 %tmp_57 to i32

ST_5: word_addr_6 (66)  [1/1] 0.00ns  loc: CCodedFiles/3rd/aes.c:205
:14  %word_addr_6 = getelementptr [480 x i32]* @word, i32 0, i32 %tmp_60_cast

ST_5: word_addr_7 (67)  [1/1] 0.00ns  loc: CCodedFiles/3rd/aes.c:206
:15  %word_addr_7 = getelementptr [480 x i32]* @word, i32 0, i32 %tmp_50_cast

ST_5: StgValue_69 (68)  [1/1] 0.00ns  loc: CCodedFiles/3rd/aes.c:201
:16  br i1 %tmp_s, label %._crit_edge, label %.critedge

ST_5: temp_0_1 (70)  [2/2] 1.35ns  loc: CCodedFiles/3rd/aes.c:210
.critedge:0  %temp_0_1 = load i32* %word_addr_7, align 4

ST_5: temp_1_1 (71)  [2/2] 1.35ns  loc: CCodedFiles/3rd/aes.c:211
.critedge:1  %temp_1_1 = load i32* %word_addr_4, align 4

ST_5: word_load_5 (76)  [2/2] 1.35ns  loc: CCodedFiles/3rd/aes.c:203
._crit_edge:0  %word_load_5 = load i32* %word_addr_4, align 4

ST_5: word_load_6 (101)  [2/2] 1.35ns  loc: CCodedFiles/3rd/aes.c:204
._crit_edge:25  %word_load_6 = load i32* %word_addr_5, align 4

ST_5: StgValue_74 (194)  [1/1] 0.00ns
:0  ret void


 <State 6>: 1.35ns
ST_6: temp_0_1 (70)  [1/2] 1.35ns  loc: CCodedFiles/3rd/aes.c:210
.critedge:0  %temp_0_1 = load i32* %word_addr_7, align 4

ST_6: temp_1_1 (71)  [1/2] 1.35ns  loc: CCodedFiles/3rd/aes.c:211
.critedge:1  %temp_1_1 = load i32* %word_addr_4, align 4

ST_6: temp_2_1 (72)  [2/2] 1.35ns  loc: CCodedFiles/3rd/aes.c:212
.critedge:2  %temp_2_1 = load i32* %word_addr_5, align 4

ST_6: word_load (73)  [2/2] 1.35ns  loc: CCodedFiles/3rd/aes.c:213
.critedge:3  %word_load = load i32* %word_addr_6, align 4


 <State 7>: 1.84ns
ST_7: temp_2_1 (72)  [1/2] 1.35ns  loc: CCodedFiles/3rd/aes.c:212
.critedge:2  %temp_2_1 = load i32* %word_addr_5, align 4

ST_7: word_load (73)  [1/2] 1.35ns  loc: CCodedFiles/3rd/aes.c:213
.critedge:3  %word_load = load i32* %word_addr_6, align 4

ST_7: StgValue_81 (74)  [1/1] 0.49ns  loc: CCodedFiles/3rd/aes.c:214
.critedge:4  br label %._crit_edge5


 <State 8>: 5.51ns
ST_8: word_load_5 (76)  [1/2] 1.35ns  loc: CCodedFiles/3rd/aes.c:203
._crit_edge:0  %word_load_5 = load i32* %word_addr_4, align 4

ST_8: tmp_58 (77)  [1/1] 0.00ns  loc: CCodedFiles/3rd/aes.c:339->CCodedFiles/3rd/aes.c:203
._crit_edge:1  %tmp_58 = call i1 @_ssdm_op_BitSelect.i1.i32.i32(i32 %word_load_5, i32 31)

ST_8: tmp_59 (78)  [1/1] 0.00ns  loc: CCodedFiles/3rd/aes.c:203 (grouped into LUT with out node tmp_67)
._crit_edge:2  %tmp_59 = trunc i32 %word_load_5 to i4

ST_8: p_neg1 (79)  [1/1] 0.95ns  loc: CCodedFiles/3rd/aes.c:339->CCodedFiles/3rd/aes.c:203
._crit_edge:3  %p_neg1 = sub i32 0, %word_load_5

ST_8: tmp_60 (80)  [1/1] 0.00ns  loc: CCodedFiles/3rd/aes.c:339->CCodedFiles/3rd/aes.c:203
._crit_edge:4  %tmp_60 = trunc i32 %p_neg1 to i4

ST_8: tmp_61 (81)  [1/1] 0.00ns  loc: CCodedFiles/3rd/aes.c:339->CCodedFiles/3rd/aes.c:203
._crit_edge:5  %tmp_61 = call i10 @_ssdm_op_BitConcatenate.i10.i6.i4(i6 0, i4 %tmp_60)

ST_8: tmp_62 (82)  [1/1] 0.93ns  loc: CCodedFiles/3rd/aes.c:339->CCodedFiles/3rd/aes.c:203
._crit_edge:6  %tmp_62 = sub i10 0, %tmp_61

ST_8: tmp_63 (83)  [1/1] 0.00ns  loc: CCodedFiles/3rd/aes.c:339->CCodedFiles/3rd/aes.c:203 (grouped into LUT with out node tmp_67)
._crit_edge:7  %tmp_63 = call i10 @_ssdm_op_BitConcatenate.i10.i6.i4(i6 0, i4 %tmp_59)

ST_8: tmp_64 (84)  [1/1] 0.00ns  loc: CCodedFiles/3rd/aes.c:339->CCodedFiles/3rd/aes.c:203 (grouped into LUT with out node tmp_67)
._crit_edge:8  %tmp_64 = select i1 %tmp_58, i10 %tmp_62, i10 %tmp_63

ST_8: p_lshr_i_cast (85)  [1/1] 0.00ns  loc: CCodedFiles/3rd/aes.c:339->CCodedFiles/3rd/aes.c:203
._crit_edge:9  %p_lshr_i_cast = call i6 @_ssdm_op_PartSelect.i6.i32.i32.i32(i32 %p_neg1, i32 4, i32 9)

ST_8: p_neg_t_i (86)  [1/1] 0.89ns  loc: CCodedFiles/3rd/aes.c:339->CCodedFiles/3rd/aes.c:203
._crit_edge:10  %p_neg_t_i = sub i6 0, %p_lshr_i_cast

ST_8: tmp_65 (87)  [1/1] 0.00ns  loc: CCodedFiles/3rd/aes.c:339->CCodedFiles/3rd/aes.c:203 (grouped into LUT with out node tmp_67)
._crit_edge:11  %tmp_65 = call i6 @_ssdm_op_PartSelect.i6.i32.i32.i32(i32 %word_load_5, i32 4, i32 9)

ST_8: tmp_66 (88)  [1/1] 0.00ns  loc: CCodedFiles/3rd/aes.c:339->CCodedFiles/3rd/aes.c:203 (grouped into LUT with out node tmp_67)
._crit_edge:12  %tmp_66 = select i1 %tmp_58, i6 %p_neg_t_i, i6 %tmp_65

ST_8: tmp_67_cast (89)  [1/1] 0.00ns  loc: CCodedFiles/3rd/aes.c:339->CCodedFiles/3rd/aes.c:203 (grouped into LUT with out node tmp_67)
._crit_edge:13  %tmp_67_cast = call i10 @_ssdm_op_BitConcatenate.i10.i6.i4(i6 %tmp_66, i4 0)

ST_8: tmp_67 (90)  [1/1] 0.93ns  loc: CCodedFiles/3rd/aes.c:339->CCodedFiles/3rd/aes.c:203 (out node of the LUT)
._crit_edge:14  %tmp_67 = add i10 %tmp_67_cast, %tmp_64

ST_8: tmp_68_cast (91)  [1/1] 0.00ns  loc: CCodedFiles/3rd/aes.c:339->CCodedFiles/3rd/aes.c:203
._crit_edge:15  %tmp_68_cast = zext i10 %tmp_67 to i32

ST_8: Sbox_addr (92)  [1/1] 0.00ns  loc: CCodedFiles/3rd/aes.c:339->CCodedFiles/3rd/aes.c:203
._crit_edge:16  %Sbox_addr = getelementptr [256 x i8]* @Sbox, i32 0, i32 %tmp_68_cast

ST_8: Sbox_load (93)  [2/2] 1.35ns  loc: CCodedFiles/3rd/aes.c:339->CCodedFiles/3rd/aes.c:203
._crit_edge:17  %Sbox_load = load i8* %Sbox_addr, align 1

ST_8: word_load_6 (101)  [1/2] 1.35ns  loc: CCodedFiles/3rd/aes.c:204
._crit_edge:25  %word_load_6 = load i32* %word_addr_5, align 4

ST_8: tmp_68 (102)  [1/1] 0.00ns  loc: CCodedFiles/3rd/aes.c:339->CCodedFiles/3rd/aes.c:204
._crit_edge:26  %tmp_68 = call i1 @_ssdm_op_BitSelect.i1.i32.i32(i32 %word_load_6, i32 31)

ST_8: tmp_69 (103)  [1/1] 0.00ns  loc: CCodedFiles/3rd/aes.c:204 (grouped into LUT with out node tmp_76)
._crit_edge:27  %tmp_69 = trunc i32 %word_load_6 to i4

ST_8: p_neg2 (104)  [1/1] 0.95ns  loc: CCodedFiles/3rd/aes.c:339->CCodedFiles/3rd/aes.c:204
._crit_edge:28  %p_neg2 = sub i32 0, %word_load_6

ST_8: tmp_70 (105)  [1/1] 0.00ns  loc: CCodedFiles/3rd/aes.c:339->CCodedFiles/3rd/aes.c:204
._crit_edge:29  %tmp_70 = trunc i32 %p_neg2 to i4

ST_8: tmp_71 (106)  [1/1] 0.00ns  loc: CCodedFiles/3rd/aes.c:339->CCodedFiles/3rd/aes.c:204
._crit_edge:30  %tmp_71 = call i10 @_ssdm_op_BitConcatenate.i10.i6.i4(i6 0, i4 %tmp_70)

ST_8: tmp_72 (107)  [1/1] 0.93ns  loc: CCodedFiles/3rd/aes.c:339->CCodedFiles/3rd/aes.c:204
._crit_edge:31  %tmp_72 = sub i10 0, %tmp_71

ST_8: tmp_73 (108)  [1/1] 0.00ns  loc: CCodedFiles/3rd/aes.c:339->CCodedFiles/3rd/aes.c:204 (grouped into LUT with out node tmp_76)
._crit_edge:32  %tmp_73 = call i10 @_ssdm_op_BitConcatenate.i10.i6.i4(i6 0, i4 %tmp_69)

ST_8: tmp_74 (109)  [1/1] 0.00ns  loc: CCodedFiles/3rd/aes.c:339->CCodedFiles/3rd/aes.c:204 (grouped into LUT with out node tmp_76)
._crit_edge:33  %tmp_74 = select i1 %tmp_68, i10 %tmp_72, i10 %tmp_73

ST_8: p_lshr_i1_cast (110)  [1/1] 0.00ns  loc: CCodedFiles/3rd/aes.c:339->CCodedFiles/3rd/aes.c:204
._crit_edge:34  %p_lshr_i1_cast = call i6 @_ssdm_op_PartSelect.i6.i32.i32.i32(i32 %p_neg2, i32 4, i32 9)

ST_8: p_neg_t_i1 (111)  [1/1] 0.89ns  loc: CCodedFiles/3rd/aes.c:339->CCodedFiles/3rd/aes.c:204
._crit_edge:35  %p_neg_t_i1 = sub i6 0, %p_lshr_i1_cast

ST_8: tmp_75 (112)  [1/1] 0.00ns  loc: CCodedFiles/3rd/aes.c:339->CCodedFiles/3rd/aes.c:204 (grouped into LUT with out node tmp_76)
._crit_edge:36  %tmp_75 = call i6 @_ssdm_op_PartSelect.i6.i32.i32.i32(i32 %word_load_6, i32 4, i32 9)

ST_8: tmp_77 (113)  [1/1] 0.00ns  loc: CCodedFiles/3rd/aes.c:339->CCodedFiles/3rd/aes.c:204 (grouped into LUT with out node tmp_76)
._crit_edge:37  %tmp_77 = select i1 %tmp_68, i6 %p_neg_t_i1, i6 %tmp_75

ST_8: tmp_75_cast (114)  [1/1] 0.00ns  loc: CCodedFiles/3rd/aes.c:339->CCodedFiles/3rd/aes.c:204 (grouped into LUT with out node tmp_76)
._crit_edge:38  %tmp_75_cast = call i10 @_ssdm_op_BitConcatenate.i10.i6.i4(i6 %tmp_77, i4 0)

ST_8: tmp_76 (115)  [1/1] 0.93ns  loc: CCodedFiles/3rd/aes.c:339->CCodedFiles/3rd/aes.c:204 (out node of the LUT)
._crit_edge:39  %tmp_76 = add i10 %tmp_75_cast, %tmp_74

ST_8: tmp_76_cast (116)  [1/1] 0.00ns  loc: CCodedFiles/3rd/aes.c:339->CCodedFiles/3rd/aes.c:204
._crit_edge:40  %tmp_76_cast = zext i10 %tmp_76 to i32

ST_8: Sbox_addr_1 (117)  [1/1] 0.00ns  loc: CCodedFiles/3rd/aes.c:339->CCodedFiles/3rd/aes.c:204
._crit_edge:41  %Sbox_addr_1 = getelementptr [256 x i8]* @Sbox, i32 0, i32 %tmp_76_cast

ST_8: temp_1 (118)  [2/2] 1.35ns  loc: CCodedFiles/3rd/aes.c:339->CCodedFiles/3rd/aes.c:204
._crit_edge:42  %temp_1 = load i8* %Sbox_addr_1, align 1

ST_8: word_load_7 (120)  [2/2] 1.35ns  loc: CCodedFiles/3rd/aes.c:205
._crit_edge:44  %word_load_7 = load i32* %word_addr_6, align 4

ST_8: word_load_8 (139)  [2/2] 1.35ns  loc: CCodedFiles/3rd/aes.c:206
._crit_edge:63  %word_load_8 = load i32* %word_addr_7, align 4


 <State 9>: 5.51ns
ST_9: Sbox_load (93)  [1/2] 1.35ns  loc: CCodedFiles/3rd/aes.c:339->CCodedFiles/3rd/aes.c:203
._crit_edge:17  %Sbox_load = load i8* %Sbox_addr, align 1

ST_9: p_lshr_f_cast (94)  [1/1] 0.00ns  loc: CCodedFiles/3rd/aes.c:203
._crit_edge:18  %p_lshr_f_cast = call i4 @_ssdm_op_PartSelect.i4.i6.i32.i32(i6 %j_1, i32 2, i32 5)

ST_9: addconv (95)  [1/1] 0.94ns  loc: CCodedFiles/3rd/aes.c:203
._crit_edge:19  %addconv = add i4 -1, %p_lshr_f_cast

ST_9: tmp_34 (96)  [1/1] 0.00ns  loc: CCodedFiles/3rd/aes.c:203
._crit_edge:20  %tmp_34 = zext i4 %addconv to i32

ST_9: Rcon0_addr (97)  [1/1] 0.00ns  loc: CCodedFiles/3rd/aes.c:203
._crit_edge:21  %Rcon0_addr = getelementptr [30 x i8]* @Rcon0, i32 0, i32 %tmp_34

ST_9: Rcon0_load (98)  [2/2] 1.35ns  loc: CCodedFiles/3rd/aes.c:203
._crit_edge:22  %Rcon0_load = load i8* %Rcon0_addr, align 1

ST_9: temp_1 (118)  [1/2] 1.35ns  loc: CCodedFiles/3rd/aes.c:339->CCodedFiles/3rd/aes.c:204
._crit_edge:42  %temp_1 = load i8* %Sbox_addr_1, align 1

ST_9: word_load_7 (120)  [1/2] 1.35ns  loc: CCodedFiles/3rd/aes.c:205
._crit_edge:44  %word_load_7 = load i32* %word_addr_6, align 4

ST_9: tmp_78 (121)  [1/1] 0.00ns  loc: CCodedFiles/3rd/aes.c:339->CCodedFiles/3rd/aes.c:205
._crit_edge:45  %tmp_78 = call i1 @_ssdm_op_BitSelect.i1.i32.i32(i32 %word_load_7, i32 31)

ST_9: tmp_79 (122)  [1/1] 0.00ns  loc: CCodedFiles/3rd/aes.c:205 (grouped into LUT with out node tmp_84)
._crit_edge:46  %tmp_79 = trunc i32 %word_load_7 to i4

ST_9: p_neg9 (123)  [1/1] 0.95ns  loc: CCodedFiles/3rd/aes.c:339->CCodedFiles/3rd/aes.c:205
._crit_edge:47  %p_neg9 = sub i32 0, %word_load_7

ST_9: tmp_80 (124)  [1/1] 0.00ns  loc: CCodedFiles/3rd/aes.c:339->CCodedFiles/3rd/aes.c:205
._crit_edge:48  %tmp_80 = trunc i32 %p_neg9 to i4

ST_9: tmp_81 (125)  [1/1] 0.00ns  loc: CCodedFiles/3rd/aes.c:339->CCodedFiles/3rd/aes.c:205
._crit_edge:49  %tmp_81 = call i10 @_ssdm_op_BitConcatenate.i10.i6.i4(i6 0, i4 %tmp_80)

ST_9: tmp_82 (126)  [1/1] 0.93ns  loc: CCodedFiles/3rd/aes.c:339->CCodedFiles/3rd/aes.c:205
._crit_edge:50  %tmp_82 = sub i10 0, %tmp_81

ST_9: tmp_83 (127)  [1/1] 0.00ns  loc: CCodedFiles/3rd/aes.c:339->CCodedFiles/3rd/aes.c:205 (grouped into LUT with out node tmp_84)
._crit_edge:51  %tmp_83 = call i10 @_ssdm_op_BitConcatenate.i10.i6.i4(i6 0, i4 %tmp_79)

ST_9: tmp_85 (128)  [1/1] 0.00ns  loc: CCodedFiles/3rd/aes.c:339->CCodedFiles/3rd/aes.c:205 (grouped into LUT with out node tmp_84)
._crit_edge:52  %tmp_85 = select i1 %tmp_78, i10 %tmp_82, i10 %tmp_83

ST_9: p_lshr_i2_cast (129)  [1/1] 0.00ns  loc: CCodedFiles/3rd/aes.c:339->CCodedFiles/3rd/aes.c:205
._crit_edge:53  %p_lshr_i2_cast = call i6 @_ssdm_op_PartSelect.i6.i32.i32.i32(i32 %p_neg9, i32 4, i32 9)

ST_9: p_neg_t_i2 (130)  [1/1] 0.89ns  loc: CCodedFiles/3rd/aes.c:339->CCodedFiles/3rd/aes.c:205
._crit_edge:54  %p_neg_t_i2 = sub i6 0, %p_lshr_i2_cast

ST_9: tmp_86 (131)  [1/1] 0.00ns  loc: CCodedFiles/3rd/aes.c:339->CCodedFiles/3rd/aes.c:205 (grouped into LUT with out node tmp_84)
._crit_edge:55  %tmp_86 = call i6 @_ssdm_op_PartSelect.i6.i32.i32.i32(i32 %word_load_7, i32 4, i32 9)

ST_9: tmp_87 (132)  [1/1] 0.00ns  loc: CCodedFiles/3rd/aes.c:339->CCodedFiles/3rd/aes.c:205 (grouped into LUT with out node tmp_84)
._crit_edge:56  %tmp_87 = select i1 %tmp_78, i6 %p_neg_t_i2, i6 %tmp_86

ST_9: tmp_83_cast (133)  [1/1] 0.00ns  loc: CCodedFiles/3rd/aes.c:339->CCodedFiles/3rd/aes.c:205 (grouped into LUT with out node tmp_84)
._crit_edge:57  %tmp_83_cast = call i10 @_ssdm_op_BitConcatenate.i10.i6.i4(i6 %tmp_87, i4 0)

ST_9: tmp_84 (134)  [1/1] 0.93ns  loc: CCodedFiles/3rd/aes.c:339->CCodedFiles/3rd/aes.c:205 (out node of the LUT)
._crit_edge:58  %tmp_84 = add i10 %tmp_83_cast, %tmp_85

ST_9: tmp_84_cast (135)  [1/1] 0.00ns  loc: CCodedFiles/3rd/aes.c:339->CCodedFiles/3rd/aes.c:205
._crit_edge:59  %tmp_84_cast = zext i10 %tmp_84 to i32

ST_9: Sbox_addr_2 (136)  [1/1] 0.00ns  loc: CCodedFiles/3rd/aes.c:339->CCodedFiles/3rd/aes.c:205
._crit_edge:60  %Sbox_addr_2 = getelementptr [256 x i8]* @Sbox, i32 0, i32 %tmp_84_cast

ST_9: temp_2 (137)  [2/2] 1.35ns  loc: CCodedFiles/3rd/aes.c:339->CCodedFiles/3rd/aes.c:205
._crit_edge:61  %temp_2 = load i8* %Sbox_addr_2, align 1

ST_9: word_load_8 (139)  [1/2] 1.35ns  loc: CCodedFiles/3rd/aes.c:206
._crit_edge:63  %word_load_8 = load i32* %word_addr_7, align 4

ST_9: tmp_88 (140)  [1/1] 0.00ns  loc: CCodedFiles/3rd/aes.c:339->CCodedFiles/3rd/aes.c:206
._crit_edge:64  %tmp_88 = call i1 @_ssdm_op_BitSelect.i1.i32.i32(i32 %word_load_8, i32 31)

ST_9: tmp_89 (141)  [1/1] 0.00ns  loc: CCodedFiles/3rd/aes.c:206 (grouped into LUT with out node tmp_92)
._crit_edge:65  %tmp_89 = trunc i32 %word_load_8 to i4

ST_9: p_neg (142)  [1/1] 0.95ns  loc: CCodedFiles/3rd/aes.c:339->CCodedFiles/3rd/aes.c:206
._crit_edge:66  %p_neg = sub i32 0, %word_load_8

ST_9: tmp_90 (143)  [1/1] 0.00ns  loc: CCodedFiles/3rd/aes.c:339->CCodedFiles/3rd/aes.c:206
._crit_edge:67  %tmp_90 = trunc i32 %p_neg to i4

ST_9: tmp_91 (144)  [1/1] 0.00ns  loc: CCodedFiles/3rd/aes.c:339->CCodedFiles/3rd/aes.c:206
._crit_edge:68  %tmp_91 = call i10 @_ssdm_op_BitConcatenate.i10.i6.i4(i6 0, i4 %tmp_90)

ST_9: tmp_98 (145)  [1/1] 0.93ns  loc: CCodedFiles/3rd/aes.c:339->CCodedFiles/3rd/aes.c:206
._crit_edge:69  %tmp_98 = sub i10 0, %tmp_91

ST_9: tmp_99 (146)  [1/1] 0.00ns  loc: CCodedFiles/3rd/aes.c:339->CCodedFiles/3rd/aes.c:206 (grouped into LUT with out node tmp_92)
._crit_edge:70  %tmp_99 = call i10 @_ssdm_op_BitConcatenate.i10.i6.i4(i6 0, i4 %tmp_89)

ST_9: tmp_100 (147)  [1/1] 0.00ns  loc: CCodedFiles/3rd/aes.c:339->CCodedFiles/3rd/aes.c:206 (grouped into LUT with out node tmp_92)
._crit_edge:71  %tmp_100 = select i1 %tmp_88, i10 %tmp_98, i10 %tmp_99

ST_9: p_lshr_i3_cast (148)  [1/1] 0.00ns  loc: CCodedFiles/3rd/aes.c:339->CCodedFiles/3rd/aes.c:206
._crit_edge:72  %p_lshr_i3_cast = call i6 @_ssdm_op_PartSelect.i6.i32.i32.i32(i32 %p_neg, i32 4, i32 9)

ST_9: p_neg_t_i3 (149)  [1/1] 0.89ns  loc: CCodedFiles/3rd/aes.c:339->CCodedFiles/3rd/aes.c:206
._crit_edge:73  %p_neg_t_i3 = sub i6 0, %p_lshr_i3_cast

ST_9: tmp_101 (150)  [1/1] 0.00ns  loc: CCodedFiles/3rd/aes.c:339->CCodedFiles/3rd/aes.c:206 (grouped into LUT with out node tmp_92)
._crit_edge:74  %tmp_101 = call i6 @_ssdm_op_PartSelect.i6.i32.i32.i32(i32 %word_load_8, i32 4, i32 9)

ST_9: tmp_102 (151)  [1/1] 0.00ns  loc: CCodedFiles/3rd/aes.c:339->CCodedFiles/3rd/aes.c:206 (grouped into LUT with out node tmp_92)
._crit_edge:75  %tmp_102 = select i1 %tmp_88, i6 %p_neg_t_i3, i6 %tmp_101

ST_9: tmp_91_cast (152)  [1/1] 0.00ns  loc: CCodedFiles/3rd/aes.c:339->CCodedFiles/3rd/aes.c:206 (grouped into LUT with out node tmp_92)
._crit_edge:76  %tmp_91_cast = call i10 @_ssdm_op_BitConcatenate.i10.i6.i4(i6 %tmp_102, i4 0)

ST_9: tmp_92 (153)  [1/1] 0.93ns  loc: CCodedFiles/3rd/aes.c:339->CCodedFiles/3rd/aes.c:206 (out node of the LUT)
._crit_edge:77  %tmp_92 = add i10 %tmp_91_cast, %tmp_100

ST_9: tmp_92_cast (154)  [1/1] 0.00ns  loc: CCodedFiles/3rd/aes.c:339->CCodedFiles/3rd/aes.c:206
._crit_edge:78  %tmp_92_cast = zext i10 %tmp_92 to i32

ST_9: Sbox_addr_3 (155)  [1/1] 0.00ns  loc: CCodedFiles/3rd/aes.c:339->CCodedFiles/3rd/aes.c:206
._crit_edge:79  %Sbox_addr_3 = getelementptr [256 x i8]* @Sbox, i32 0, i32 %tmp_92_cast

ST_9: Sbox_load_3 (156)  [2/2] 1.35ns  loc: CCodedFiles/3rd/aes.c:339->CCodedFiles/3rd/aes.c:206
._crit_edge:80  %Sbox_load_3 = load i8* %Sbox_addr_3, align 1


 <State 10>: 1.91ns
ST_10: Rcon0_load (98)  [1/2] 1.35ns  loc: CCodedFiles/3rd/aes.c:203
._crit_edge:22  %Rcon0_load = load i8* %Rcon0_addr, align 1

ST_10: temp_0 (99)  [1/1] 0.06ns  loc: CCodedFiles/3rd/aes.c:203
._crit_edge:23  %temp_0 = xor i8 %Rcon0_load, %Sbox_load

ST_10: temp_0_1_cast (100)  [1/1] 0.00ns  loc: CCodedFiles/3rd/aes.c:203
._crit_edge:24  %temp_0_1_cast = zext i8 %temp_0 to i32

ST_10: temp_1_cast (119)  [1/1] 0.00ns  loc: CCodedFiles/3rd/aes.c:339->CCodedFiles/3rd/aes.c:204
._crit_edge:43  %temp_1_cast = zext i8 %temp_1 to i32

ST_10: temp_2 (137)  [1/2] 1.35ns  loc: CCodedFiles/3rd/aes.c:339->CCodedFiles/3rd/aes.c:205
._crit_edge:61  %temp_2 = load i8* %Sbox_addr_2, align 1

ST_10: temp_2_cast (138)  [1/1] 0.00ns  loc: CCodedFiles/3rd/aes.c:339->CCodedFiles/3rd/aes.c:205
._crit_edge:62  %temp_2_cast = zext i8 %temp_2 to i32

ST_10: Sbox_load_3 (156)  [1/2] 1.35ns  loc: CCodedFiles/3rd/aes.c:339->CCodedFiles/3rd/aes.c:206
._crit_edge:80  %Sbox_load_3 = load i8* %Sbox_addr_3, align 1

ST_10: Sbox_load_3_cast (157)  [1/1] 0.00ns  loc: CCodedFiles/3rd/aes.c:339->CCodedFiles/3rd/aes.c:206
._crit_edge:81  %Sbox_load_3_cast = zext i8 %Sbox_load_3 to i32

ST_10: StgValue_171 (158)  [1/1] 0.49ns  loc: CCodedFiles/3rd/aes.c:208
._crit_edge:82  br label %._crit_edge5

ST_10: temp_22 (160)  [1/1] 0.00ns
._crit_edge5:0  %temp_22 = phi i32 [ %temp_2_cast, %._crit_edge ], [ %temp_2_1, %.critedge ]

ST_10: temp_12 (161)  [1/1] 0.00ns
._crit_edge5:1  %temp_12 = phi i32 [ %temp_1_cast, %._crit_edge ], [ %temp_1_1, %.critedge ]

ST_10: temp_02 (162)  [1/1] 0.00ns
._crit_edge5:2  %temp_02 = phi i32 [ %temp_0_1_cast, %._crit_edge ], [ %temp_0_1, %.critedge ]

ST_10: temp_3 (163)  [1/1] 0.00ns  loc: CCodedFiles/3rd/aes.c:339->CCodedFiles/3rd/aes.c:206
._crit_edge5:3  %temp_3 = phi i32 [ %Sbox_load_3_cast, %._crit_edge ], [ %word_load, %.critedge ]

ST_10: tmp_35 (164)  [1/1] 0.89ns  loc: CCodedFiles/3rd/aes.c:219
._crit_edge5:4  %tmp_35 = add i6 %j_1, -4

ST_10: tmp_52_cast_cast (165)  [1/1] 0.00ns  loc: CCodedFiles/3rd/aes.c:218
._crit_edge5:5  %tmp_52_cast_cast = zext i6 %tmp_35 to i10

ST_10: StgValue_178 (166)  [1/1] 0.49ns  loc: CCodedFiles/3rd/aes.c:218
._crit_edge5:6  br label %3


 <State 11>: 3.21ns
ST_11: i_2 (168)  [1/1] 0.00ns
:0  %i_2 = phi i3 [ 0, %._crit_edge5 ], [ %i_3, %4 ]

ST_11: tmp_93 (169)  [1/1] 0.00ns  loc: CCodedFiles/3rd/aes.c:218
:1  %tmp_93 = call i10 @_ssdm_op_BitConcatenate.i10.i3.i7(i3 %i_2, i7 0)

ST_11: tmp_94 (170)  [1/1] 0.00ns  loc: CCodedFiles/3rd/aes.c:218
:2  %tmp_94 = call i6 @_ssdm_op_BitConcatenate.i6.i3.i3(i3 %i_2, i3 0)

ST_11: p_shl2_cast (171)  [1/1] 0.00ns  loc: CCodedFiles/3rd/aes.c:219
:3  %p_shl2_cast = zext i6 %tmp_94 to i10

ST_11: tmp_95 (172)  [1/1] 0.93ns  loc: CCodedFiles/3rd/aes.c:219
:4  %tmp_95 = sub i10 %tmp_93, %p_shl2_cast

ST_11: tmp_96 (173)  [1/1] 0.93ns  loc: CCodedFiles/3rd/aes.c:219
:5  %tmp_96 = add i10 %tmp_95, %tmp_52_cast_cast

ST_11: tmp_96_cast (174)  [1/1] 0.00ns  loc: CCodedFiles/3rd/aes.c:219
:6  %tmp_96_cast = sext i10 %tmp_96 to i32

ST_11: word_addr_8 (175)  [1/1] 0.00ns  loc: CCodedFiles/3rd/aes.c:219
:7  %word_addr_8 = getelementptr [480 x i32]* @word, i32 0, i32 %tmp_96_cast

ST_11: tmp_97 (176)  [1/1] 0.93ns  loc: CCodedFiles/3rd/aes.c:219
:8  %tmp_97 = add i10 %tmp_95, %j_1_cast2_cast

ST_11: tmp_97_cast (177)  [1/1] 0.00ns  loc: CCodedFiles/3rd/aes.c:219
:9  %tmp_97_cast = sext i10 %tmp_97 to i32

ST_11: word_addr_9 (178)  [1/1] 0.00ns  loc: CCodedFiles/3rd/aes.c:219
:10  %word_addr_9 = getelementptr [480 x i32]* @word, i32 0, i32 %tmp_97_cast

ST_11: exitcond (179)  [1/1] 0.18ns  loc: CCodedFiles/3rd/aes.c:218
:11  %exitcond = icmp eq i3 %i_2, -4

ST_11: empty_44 (180)  [1/1] 0.00ns
:12  %empty_44 = call i32 (...)* @_ssdm_op_SpecLoopTripCount(i64 4, i64 4, i64 4)

ST_11: i_3 (181)  [1/1] 0.86ns  loc: CCodedFiles/3rd/aes.c:218
:13  %i_3 = add i3 %i_2, 1

ST_11: StgValue_193 (182)  [1/1] 0.00ns  loc: CCodedFiles/3rd/aes.c:218
:14  br i1 %exitcond, label %5, label %4

ST_11: word_load_4 (184)  [2/2] 1.35ns  loc: CCodedFiles/3rd/aes.c:219
:0  %word_load_4 = load i32* %word_addr_8, align 4

ST_11: tmp_103 (185)  [1/1] 0.00ns  loc: CCodedFiles/3rd/aes.c:218
:1  %tmp_103 = trunc i3 %i_2 to i2

ST_11: tmp_13 (186)  [1/1] 0.66ns  loc: CCodedFiles/3rd/aes.c:203
:2  %tmp_13 = call i32 @_ssdm_op_Mux.ap_auto.4i32.i2(i32 %temp_02, i32 %temp_12, i32 %temp_22, i32 %temp_3, i2 %tmp_103)

ST_11: j_5 (191)  [1/1] 0.89ns  loc: CCodedFiles/3rd/aes.c:197
:0  %j_5 = add i6 %j_1, 1

ST_11: StgValue_198 (192)  [1/1] 0.00ns  loc: CCodedFiles/3rd/aes.c:197
:1  br label %.preheader


 <State 12>: 2.77ns
ST_12: word_load_4 (184)  [1/2] 1.35ns  loc: CCodedFiles/3rd/aes.c:219
:0  %word_load_4 = load i32* %word_addr_8, align 4

ST_12: tmp_36 (187)  [1/1] 0.06ns  loc: CCodedFiles/3rd/aes.c:219
:3  %tmp_36 = xor i32 %word_load_4, %tmp_13

ST_12: StgValue_201 (188)  [1/1] 1.35ns  loc: CCodedFiles/3rd/aes.c:219
:4  store i32 %tmp_36, i32* %word_addr_9, align 4

ST_12: StgValue_202 (189)  [1/1] 0.00ns  loc: CCodedFiles/3rd/aes.c:218
:5  br label %3



============================================================
+ Verbose Summary: Timing violations
============================================================
Target clock period: 10ns, clock uncertainty: 1.25ns.

 <State 1>: 0.489ns
The critical path consists of the following:
	multiplexor before 'phi' operation ('j') with incoming values : ('j', CCodedFiles/3rd/aes.c:191) [7]  (0.489 ns)

 <State 2>: 0.856ns
The critical path consists of the following:
	'phi' operation ('j') with incoming values : ('j', CCodedFiles/3rd/aes.c:191) [7]  (0 ns)
	'add' operation ('j', CCodedFiles/3rd/aes.c:191) [10]  (0.856 ns)

 <State 3>: 2.29ns
The critical path consists of the following:
	'phi' operation ('i') with incoming values : ('i', CCodedFiles/3rd/aes.c:192) [17]  (0 ns)
	'add' operation ('sum', CCodedFiles/3rd/aes.c:192) [35]  (0.941 ns)
	'getelementptr' operation ('key_addr', CCodedFiles/3rd/aes.c:194) [37]  (0 ns)
	'load' operation ('key_load', CCodedFiles/3rd/aes.c:194) on array 'key' [38]  (1.35 ns)

 <State 4>: 2.7ns
The critical path consists of the following:
	'load' operation ('key_load', CCodedFiles/3rd/aes.c:194) on array 'key' [38]  (1.35 ns)
	'store' operation (CCodedFiles/3rd/aes.c:194) of variable 'key_load', CCodedFiles/3rd/aes.c:194 on array 'word' [39]  (1.35 ns)

 <State 5>: 3.21ns
The critical path consists of the following:
	'phi' operation ('j') with incoming values : ('j', CCodedFiles/3rd/aes.c:197) [46]  (0 ns)
	'add' operation ('tmp_33', CCodedFiles/3rd/aes.c:203) [54]  (0.886 ns)
	'add' operation ('tmp_56', CCodedFiles/3rd/aes.c:204) [61]  (0.975 ns)
	'getelementptr' operation ('word_addr_5', CCodedFiles/3rd/aes.c:204) [63]  (0 ns)
	'load' operation ('in', CCodedFiles/3rd/aes.c:204) on array 'word' [101]  (1.35 ns)

 <State 6>: 1.35ns
The critical path consists of the following:
	'load' operation ('temp[0]', CCodedFiles/3rd/aes.c:210) on array 'word' [70]  (1.35 ns)

 <State 7>: 1.84ns
The critical path consists of the following:
	'load' operation ('temp[2]', CCodedFiles/3rd/aes.c:212) on array 'word' [72]  (1.35 ns)
	multiplexor before 'phi' operation ('temp[2]') with incoming values : ('temp[2]', CCodedFiles/3rd/aes.c:212) ('temp_2_cast', CCodedFiles/3rd/aes.c:339->CCodedFiles/3rd/aes.c:205) [160]  (0.489 ns)

 <State 8>: 5.51ns
The critical path consists of the following:
	'load' operation ('in', CCodedFiles/3rd/aes.c:203) on array 'word' [76]  (1.35 ns)
	'sub' operation ('p_neg1', CCodedFiles/3rd/aes.c:339->CCodedFiles/3rd/aes.c:203) [79]  (0.945 ns)
	'sub' operation ('tmp_62', CCodedFiles/3rd/aes.c:339->CCodedFiles/3rd/aes.c:203) [82]  (0.931 ns)
	'select' operation ('tmp_64', CCodedFiles/3rd/aes.c:339->CCodedFiles/3rd/aes.c:203) [84]  (0 ns)
	'add' operation ('tmp_67', CCodedFiles/3rd/aes.c:339->CCodedFiles/3rd/aes.c:203) [90]  (0.931 ns)
	'getelementptr' operation ('Sbox_addr', CCodedFiles/3rd/aes.c:339->CCodedFiles/3rd/aes.c:203) [92]  (0 ns)
	'load' operation ('Sbox_load', CCodedFiles/3rd/aes.c:339->CCodedFiles/3rd/aes.c:203) on array 'Sbox' [93]  (1.35 ns)

 <State 9>: 5.51ns
The critical path consists of the following:
	'load' operation ('in', CCodedFiles/3rd/aes.c:205) on array 'word' [120]  (1.35 ns)
	'sub' operation ('p_neg9', CCodedFiles/3rd/aes.c:339->CCodedFiles/3rd/aes.c:205) [123]  (0.945 ns)
	'sub' operation ('tmp_82', CCodedFiles/3rd/aes.c:339->CCodedFiles/3rd/aes.c:205) [126]  (0.931 ns)
	'select' operation ('tmp_85', CCodedFiles/3rd/aes.c:339->CCodedFiles/3rd/aes.c:205) [128]  (0 ns)
	'add' operation ('tmp_84', CCodedFiles/3rd/aes.c:339->CCodedFiles/3rd/aes.c:205) [134]  (0.931 ns)
	'getelementptr' operation ('Sbox_addr_2', CCodedFiles/3rd/aes.c:339->CCodedFiles/3rd/aes.c:205) [136]  (0 ns)
	'load' operation ('temp[2]', CCodedFiles/3rd/aes.c:339->CCodedFiles/3rd/aes.c:205) on array 'Sbox' [137]  (1.35 ns)

 <State 10>: 1.91ns
The critical path consists of the following:
	'load' operation ('Rcon0_load', CCodedFiles/3rd/aes.c:203) on array 'Rcon0' [98]  (1.35 ns)
	'xor' operation ('temp[0]', CCodedFiles/3rd/aes.c:203) [99]  (0.064 ns)
	multiplexor before 'phi' operation ('temp[0]') with incoming values : ('temp[0]', CCodedFiles/3rd/aes.c:210) ('temp_0_1_cast', CCodedFiles/3rd/aes.c:203) [162]  (0.489 ns)
	'phi' operation ('temp[0]') with incoming values : ('temp[0]', CCodedFiles/3rd/aes.c:210) ('temp_0_1_cast', CCodedFiles/3rd/aes.c:203) [162]  (0 ns)

 <State 11>: 3.21ns
The critical path consists of the following:
	'phi' operation ('i') with incoming values : ('i', CCodedFiles/3rd/aes.c:218) [168]  (0 ns)
	'sub' operation ('tmp_95', CCodedFiles/3rd/aes.c:219) [172]  (0.931 ns)
	'add' operation ('tmp_96', CCodedFiles/3rd/aes.c:219) [173]  (0.931 ns)
	'getelementptr' operation ('word_addr_8', CCodedFiles/3rd/aes.c:219) [175]  (0 ns)
	'load' operation ('word_load_4', CCodedFiles/3rd/aes.c:219) on array 'word' [184]  (1.35 ns)

 <State 12>: 2.77ns
The critical path consists of the following:
	'load' operation ('word_load_4', CCodedFiles/3rd/aes.c:219) on array 'word' [184]  (1.35 ns)
	'xor' operation ('tmp_36', CCodedFiles/3rd/aes.c:219) [187]  (0.064 ns)
	'store' operation (CCodedFiles/3rd/aes.c:219) of variable 'tmp_36', CCodedFiles/3rd/aes.c:219 on array 'word' [188]  (1.35 ns)


============================================================
+ Verbose Summary: Binding
============================================================
N/A
* FSMD analyzer results:
  - Output states:
 - Input state : 
  - Chain level:
	State 1
	State 2
	State 3
	State 4
	State 5
	State 6
	State 7
	State 8
	State 9
	State 10
	State 11
	State 12


============================================================
+ Verbose Summary: Datapath Resource usage 
============================================================
N/A
